[14:     wl_pointer] enter: serial: 15; surface: 3, x, y: 640.000000, 360.000000
[14:     wl_pointer] frame
[14:     wl_pointer] motion: time: 1000; x, y: 640.000000, 360.000000
[14:     wl_pointer] frame
[14:     wl_pointer] motion: time: 1005; x, y: 636.800000, 360.000000
[14:     wl_pointer] motion: time: 1010; x, y: 633.600000, 360.100000
[14:     wl_pointer] motion: time: 1015; x, y: 630.400000, 360.000000
[14:     wl_pointer] motion: time: 1020; x, y: 627.200000, 359.900000
[14:     wl_pointer] motion: time: 1025; x, y: 624.000000, 360.000000
[14:     wl_pointer] motion: time: 1030; x, y: 600.000000, 360.000000
[14:     wl_pointer] motion: time: 1035; x, y: 580.000000, 360.000000
[14:     wl_pointer] motion: time: 1040; x, y: 560.000000, 360.000000
[14:     wl_pointer] motion: time: 1045; x, y: 540.000000, 360.000000
[14:     wl_pointer] motion: time: 1050; x, y: 520.000000, 360.000000
[14:     wl_pointer] motion: time: 1055; x, y: 500.000000, 360.000000
[14:     wl_pointer] motion: time: 1060; x, y: 480.000000, 360.000000
[14:     wl_pointer] motion: time: 1065; x, y: 460.000000, 360.000000
[14:     wl_pointer] motion: time: 1070; x, y: 440.000000, 360.000000
[14:     wl_pointer] motion: time: 1075; x, y: 420.000000, 360.000000
[14:     wl_pointer] motion: time: 1080; x, y: 400.000000, 360.000000
[14:     wl_pointer] motion: time: 1085; x, y: 380.000000, 360.000000
[14:     wl_pointer] motion: time: 1090; x, y: 360.000000, 360.000000
[14:     wl_pointer] motion: time: 1095; x, y: 340.000000, 360.000000
[14:     wl_pointer] motion: time: 1100; x, y: 330.000000, 360.000000
[14:     wl_pointer] motion: time: 1105; x, y: 322.000000, 360.000000
[14:     wl_pointer] motion: time: 1110; x, y: 320.500000, 360.000000
[14:     wl_pointer] frame
[14:     wl_pointer] button: serial: 16; time: 1800; button: 272 (left); state: 1 (pressed)
[14:     wl_pointer] frame
[14:     wl_pointer] button: serial: 17; time: 1900; button: 272 (left); state: 0 (released)
[14:     wl_pointer] frame
[14:     wl_pointer] axis_source: 0 (wheel)
[14:     wl_pointer] axis_discrete: axis: 0 (vertical_scroll); discrete: -1
[14:     wl_pointer] axis: time: 2000; axis: 0 (vertical_scroll); value: -15.000000
[14:     wl_pointer] frame
[14:     wl_pointer] axis_source: 0 (wheel)
[14:     wl_pointer] axis_discrete: axis: 0 (vertical_scroll); discrete: -1
[14:     wl_pointer] axis: time: 2005; axis: 0 (vertical_scroll); value: -15.000000
[14:     wl_pointer] frame
[15:    wl_keyboard] keymap: format: 1 (xkb_v1), size: 3000
[15:    wl_keyboard] enter: serial: 18; surface: 3
[15:    wl_keyboard] key: serial: 19; time: 2500; key: 30; state: 1 (pressed)
                      sym: a            (97), utf8: 'a'
[15:    wl_keyboard] key: serial: 20; time: 2505; key: 30; state: 0 (released)
                      sym: a            (97), utf8: ''
[15:    wl_keyboard] key: serial: 21; time: 2510; key: 48; state: 1 (pressed)
                      sym: b            (98), utf8: 'b'
[15:    wl_keyboard] key: serial: 22; time: 2515; key: 48; state: 0 (released)
                      sym: b            (98), utf8: ''
[15:    wl_keyboard] key: serial: 23; time: 2520; key: 28; state: 1 (pressed)
                      sym: Return    (65293), utf8: '
'
[15:    wl_keyboard] key: serial: 24; time: 2525; key: 28; state: 0 (released)
                      sym: Return    (65293), utf8: ''
